
╔════════════════════════════════════════════╗
║   🎮 SHIROKO — POBLADOR v2.1 (ADVANCED) 🎮 ║
║   Gacha Character Database Builder v2.1    ║
╚════════════════════════════════════════════╝

[32m[7:22:57 AM] ✓ characters.json cargado. Series: 16[0m

━━━ PASO 1: DEDUPLICANDO ━━━

━━━ PASO 2: REFRESCANDO IMÁGENES ━━━
(saltado por SOLO_NUEVOS)

━━━ PASO 3: SERIES MANUALES ━━━

━━━ PASO 4: SERIES (Jikan/MAL) ━━━
[33m[7:23:30 AM] ⚠ Sin datos de Jikan para "Date A Live"[0m
[33m[7:24:03 AM] ⚠ Sin datos de Jikan para "Sword Art Online"[0m
[33m[7:24:36 AM] ⚠ Sin datos de Jikan para "Re:Zero"[0m

╔════════════════════════════════════════════╗
║   🎮 SHIROKO — POBLADOR v2.1 (ADVANCED) 🎮 ║
║   Gacha Character Database Builder v2.1    ║
╚════════════════════════════════════════════╝

[32m[7:24:58 AM] ✓ characters.json cargado. Series: 16[0m

━━━ PASO 1: DEDUPLICANDO ━━━

━━━ PASO 2: REFRESCANDO IMÁGENES ━━━
(saltado por SOLO_NUEVOS)

━━━ PASO 3: SERIES MANUALES ━━━

━━━ PASO 4: SERIES (Jikan/MAL) ━━━
[33m[7:25:31 AM] ⚠ Sin datos de Jikan para "Date A Live"[0m
[33m[7:26:04 AM] ⚠ Sin datos de Jikan para "Sword Art Online"[0m
[33m[7:26:37 AM] ⚠ Sin datos de Jikan para "Re:Zero"[0m
[33m[7:27:10 AM] ⚠ Sin datos de Jikan para "Overlord"[0m
[33m[7:27:43 AM] ⚠ Sin datos de Jikan para "No Game No Life"[0m
[33m[7:28:16 AM] ⚠ Sin datos de Jikan para "Hunter x Hunter"[0m
[33m[7:28:49 AM] ⚠ Sin datos de Jikan para "Demon Slayer"[0m
[33m[7:29:22 AM] ⚠ Sin datos de Jikan para "Jujutsu Kaisen"[0m
